../Drivers/CMSIS/Include/core_cm4.h:2064:26:ITM_SendChar	16	static,ignoring_inline_asm
../Core/Src/main.c:101:5:_write	32	static
../Core/Src/main.c:116:5:main	8	static
../Core/Src/main.c:212:6:SystemClock_Config	88	static
../Core/Src/main.c:254:13:MX_GPIO_Init	16	static
../Core/Src/main.c:279:6:StartSendTask	24	static
../Core/Src/main.c:302:6:StartReceiveTask	24	static
../Core/Src/main.c:325:6:StartSend02	24	static
../Core/Src/main.c:349:6:StartReceive02	24	static
../Core/Src/main.c:374:6:HAL_TIM_PeriodElapsedCallback	16	static
../Core/Src/main.c:392:6:Error_Handler	4	static,ignoring_inline_asm
