../Drivers/CMSIS/Include/core_cm4.h:2064:26:ITM_SendChar	16	static,ignoring_inline_asm
../Core/Src/main.c:87:5:_write	32	static
../Core/Src/main.c:102:5:main	8	static
../Core/Src/main.c:192:6:SystemClock_Config	88	static
../Core/Src/main.c:234:13:MX_GPIO_Init	32	static
../Core/Src/main.c:260:6:HAL_GPIO_EXTI_Callback	16	static
../Core/Src/main.c:274:6:StartTask1	16	static
../Core/Src/main.c:294:6:StartTask2	16	static
../Core/Src/main.c:314:6:StartTask3	16	static
../Core/Src/main.c:331:6:Error_Handler	4	static,ignoring_inline_asm
